2026-09-06 20:25:31,981 [INFO] snapshield.main: Starting SnapShield
2026-09-06 20:26:48,303 [WARNING] discord.client: PyNaCl is not installed, voice will NOT be supported
2026-09-06 20:26:48,303 [WARNING] discord.client: davey is not installed, voice will NOT be supported
2026-09-06 20:26:48,958 [INFO] snapshield.bot: Bot setup hook running.
2026-09-06 20:26:51,596 [INFO] snapshield.bot: Logged in as Snapshield#2874 (1472600003167129855)
2026-09-06 20:26:51,603 [INFO] snapshield.bot: Automatic strike reset ran: cleared 0 user(s).
2026-09-06 20:30:15,872 [INFO] snapshield.main: Starting SnapShield
2026-09-06 20:30:16,445 [WARNING] discord.client: PyNaCl is not installed, voice will NOT be supported
2026-09-06 20:30:16,445 [WARNING] discord.client: davey is not installed, voice will NOT be supported
2026-09-06 20:30:16,879 [INFO] snapshield.bot: Bot setup hook running.
2026-09-06 20:30:19,363 [INFO] snapshield.bot: Logged in as Snapshield#2874 (1472600003167129855)
2026-09-06 20:30:19,371 [INFO] snapshield.bot: Automatic strike reset ran: cleared 0 user(s).
2026-09-06 20:31:04,295 [INFO] snapshield.main: Starting SnapShield
2026-09-06 20:31:04,843 [WARNING] discord.client: PyNaCl is not installed, voice will NOT be supported
2026-09-06 20:31:04,843 [WARNING] discord.client: davey is not installed, voice will NOT be supported
2026-09-06 20:31:05,324 [INFO] snapshield.bot: Bot setup hook running.
2026-09-06 20:31:08,203 [INFO] snapshield.bot: Logged in as Snapshield#2874 (1472600003167129855)
2026-09-06 20:31:08,206 [INFO] snapshield.bot: Automatic strike reset ran: cleared 0 user(s).
2026-09-06 20:31:36,468 [INFO] snapshield.main: Starting SnapShield
2026-09-06 20:31:37,045 [WARNING] discord.client: PyNaCl is not installed, voice will NOT be supported
2026-09-06 20:31:37,045 [WARNING] discord.client: davey is not installed, voice will NOT be supported
2026-09-06 20:31:37,498 [INFO] snapshield.bot: Bot setup hook running.
2026-09-06 20:31:40,133 [INFO] snapshield.bot: Logged in as Snapshield#2874 (1472600003167129855)
2026-09-06 20:31:40,141 [INFO] snapshield.bot: Automatic strike reset ran: cleared 0 user(s).
2026-09-06 20:33:53,415 [INFO] snapshield.main: Starting SnapShield
2026-09-06 20:33:53,983 [WARNING] discord.client: PyNaCl is not installed, voice will NOT be supported
2026-09-06 20:33:53,983 [WARNING] discord.client: davey is not installed, voice will NOT be supported
2026-09-06 20:33:54,478 [INFO] snapshield.bot: Bot setup hook running.
2026-09-06 20:33:56,918 [INFO] snapshield.bot: Logged in as Snapshield#2874 (1472600003167129855)
2026-09-06 20:33:56,925 [INFO] snapshield.bot: Automatic strike reset ran: cleared 0 user(s).
2026-09-06 20:36:13,785 [INFO] snapshield.main: Starting SnapShield
2026-09-06 20:36:14,391 [WARNING] discord.client: PyNaCl is not installed, voice will NOT be supported
2026-09-06 20:36:14,392 [WARNING] discord.client: davey is not installed, voice will NOT be supported
2026-09-06 20:36:15,162 [INFO] snapshield.bot: Bot setup hook running.
2026-09-06 20:36:17,623 [INFO] snapshield.bot: Logged in as Snapshield#2874 (1472600003167129855)
2026-09-06 20:36:17,631 [INFO] snapshield.bot: Automatic strike reset ran: cleared 0 user(s).
2026-09-06 21:30:47,714 [INFO] snapshield.bot: Bot setup hook running.
2026-09-06 21:30:50,881 [INFO] snapshield.bot: Logged in as Snapshield#2874 (1472600003167129855)
2026-09-06 21:30:50,889 [INFO] snapshield.bot: Automatic strike reset ran: cleared 0 user(s).
2026-09-06 21:35:30,479 [INFO] snapshield.main: Starting SnapShield
2026-09-06 21:35:31,072 [WARNING] discord.client: PyNaCl is not installed, voice will NOT be supported
2026-09-06 21:35:31,072 [WARNING] discord.client: davey is not installed, voice will NOT be supported
2026-09-06 21:35:31,516 [INFO] snapshield.bot: Bot setup hook running.
2026-09-06 21:35:33,923 [INFO] snapshield.bot: Logged in as Snapshield#2874 (1472600003167129855)
2026-09-06 21:35:33,927 [INFO] snapshield.bot: Automatic strike reset ran: cleared 0 user(s).
2026-09-06 22:01:24,191 [INFO] snapshield.bot: Strike reset interval updated to 48 hour(s).
2026-09-06 22:03:18,395 [INFO] snapshield.main: Starting SnapShield
2026-09-06 22:03:18,966 [WARNING] discord.client: PyNaCl is not installed, voice will NOT be supported
2026-09-06 22:03:18,966 [WARNING] discord.client: davey is not installed, voice will NOT be supported
2026-09-06 22:03:19,397 [INFO] snapshield.bot: Bot setup hook running.
2026-09-06 22:03:21,943 [INFO] snapshield.bot: Logged in as Snapshield#2874 (1472600003167129855)
2026-09-06 22:03:21,951 [INFO] snapshield.bot: Automatic strike reset ran: cleared 0 user(s).
2026-09-06 22:20:12,597 [INFO] snapshield.bot: Gateway session resumed.
2026-09-07 00:43:15,770 [INFO] snapshield.bot: Gateway session resumed.
2026-09-07 02:49:29,492 [INFO] snapshield.bot: Gateway session resumed.
2026-09-07 06:46:28,279 [INFO] snapshield.bot: Gateway session resumed.
2026-09-07 10:39:52,499 [INFO] snapshield.bot: Gateway session resumed.
2026-09-07 11:09:22,062 [INFO] snapshield.bot: Gateway session resumed.
2026-09-07 13:53:37,587 [INFO] snapshield.bot: Gateway session resumed.
2026-09-07 15:03:47,038 [INFO] snapshield.bot: Gateway session resumed.
2026-09-07 15:14:25,169 [INFO] snapshield.bot: Gateway session resumed.
2026-09-07 18:46:59,385 [INFO] snapshield.bot: Gateway session resumed.
2026-09-07 21:15:49,983 [INFO] snapshield.bot: Gateway session resumed.
2026-09-08 00:14:06,642 [INFO] snapshield.bot: Gateway session resumed.
2026-09-08 00:52:26,936 [INFO] snapshield.bot: Gateway session resumed.
2026-09-08 01:53:10,943 [INFO] snapshield.bot: Gateway session resumed.
2026-09-08 05:34:28,380 [INFO] snapshield.bot: Gateway session resumed.
2026-09-08 08:37:13,990 [INFO] snapshield.bot: Gateway session resumed.
2026-09-08 09:00:59,967 [INFO] snapshield.bot: Gateway session resumed.
2026-09-08 10:36:42,685 [INFO] snapshield.bot: Gateway session resumed.
2026-09-08 11:10:04,595 [INFO] snapshield.bot: Gateway session resumed.
2026-09-08 11:31:56,627 [INFO] snapshield.bot: Gateway session resumed.
2026-09-08 12:15:56,136 [INFO] snapshield.bot: Gateway session resumed.
2026-09-08 13:21:57,184 [INFO] snapshield.bot: Gateway session resumed.
2026-09-08 14:09:32,622 [INFO] snapshield.bot: Gateway session resumed.
2026-09-08 16:02:38,718 [INFO] snapshield.bot: Gateway session resumed.
2026-09-08 19:31:26,726 [INFO] snapshield.bot: Gateway session resumed.
